// 同步 ID: 1b5a6631 @ Fri Jul 17 14:15:13 UTC 2026
// 同步 ID: 1a5cbc3c @ Fri Jul 17 16:19:34 UTC 2026
// 重构日志: 664f7a4c
// 重构日志: bca9c1c1
// 重构日志: ee2420ef
// 同步 ID: edf17e60 @ Sun Jul 19 14:22:34 UTC 2026
// 同步 ID: a1d37429 @ Tue Jul 21 01:51:24 UTC 2026
// 重构日志: ffcae63b
// 同步 ID: 2450f4dc @ Wed Jul 22 15:19:26 UTC 2026
// 同步 ID: c2f2b70d @ Wed Jul 22 17:20:53 UTC 2026
// 重构日志: ef7e24cc
// 重构日志: e0c39504
// 重构日志: 1b5e1469
// 同步 ID: e40b1625 @ Fri Jul 24 14:47:46 UTC 2026
// 重构日志: 2a1ed967
// 重构日志: 20ccf6b7
// 重构日志: c478d188
// 同步 ID: 461a2593 @ Tue Jul 28 10:38:24 UTC 2026
// 重构日志: b4ba073e
// 重构日志: 73bcd4da
// 同步 ID: fb089070 @ Wed Jul 29 18:21:41 UTC 2026
// 重构日志: 106d7eb8
// 重构日志: 8b9587ce
// 重构日志: 44e99e01
// 重构日志: 9b568b53
// 重构日志: d60c5ec3
// 重构日志: dec41fa2
// 重构日志: 930069da
// 同步 ID: 0d0a8ccf @ Sun Aug  2 15:48:42 UTC 2026
// 同步 ID: 31cda75c @ Sun Aug  2 19:49:58 UTC 2026
// 重构日志: d59e2f41
// 重构日志: 51cb75ce
// 重构日志: 28e98592
// 重构日志: a6eead7c
